{
  "catalog/datasets.json": "6ed6f5cc04d55862ee104f57c586473079df145799127c82b2803f7477a82e7c",
  "catalog/freshness.csv": "f75bdb0a4b371b749ba3ebd53014d350775805d7d9b5a107ace4c9931f6982bf",
  "catalog/lineage.json": "748998c8ed6519f172298be17774f03f14be8584ef47ac509315180b06f7e473",
  "email.jsonl": "6c64f71af09242887a55c96597198a9c27678f3b1e66363af1d85494993affb1",
  "manifest.json": "a947cf5957b8336dfd03ded7c2be6363e09cd250508ac66f7f91cf16b2bf8d61",
  "nl_queries.jsonl": "9d49966cfcfe94a0e538e7825c3e34ab57c7ac4773922ef0821f830f5d6370f3",
  "slack.jsonl": "6046412507f5ff4406bf5160d15dc015608ffcbaf8958f9eca915d87ab64e6f3"
}
