{
  "config_echo": {
    "actors": [
      "u_alex",
      "u_riley",
      "u_jamie"
    ],
    "audience_weights": {
      "Eng": 1,
      "Exec": 3,
      "Ops": 2
    },
    "catalog": {
      "domains": [
        "orders",
        "customers",
        "products",
        "marketing",
        "finance"
      ],
      "freshness_sla_hours": [
        24,
        48,
        72
      ],
      "inject_freshness_breaches": 0.15,
      "mart_tables": 30,
      "staging_tables": 50
    },
    "email": {
      "replies_mean": 3,
      "threads": 40
    },
    "nlq": {
      "count": 1500,
      "gaps_distribution": {
        "access_denied": 0.03,
        "docs_missing": 0.12,
        "freshness_breach": 0.08,
        "grain_mismatch": 0.06,
        "joinability_issue": 0.05,
        "missing_asset": 0.1,
        "missing_column": 0.12,
        "performance_limit": 0.04,
        "type_mismatch": 0.05
      },
      "languages": [
        {
          "lang": "en",
          "pct": 0.9
        },
        {
          "lang": "es",
          "pct": 0.05
        },
        {
          "lang": "fr",
          "pct": 0.05
        }
      ],
      "noise": {
        "abbreviations_pct": 0.12,
        "oos_term_pct": 0.12,
        "typos_pct": 0.07,
        "vague_time_pct": 0.1
      },
      "slow_rate": 0.1,
      "success_rate": 0.65,
      "uncertain_rate": 0.05
    },
    "scenario": "enterprise",
    "schema_version": "1.0.0",
    "seed": null,
    "slack": {
      "replies_mean": 5,
      "threads": 120
    },
    "time_window_days": 7
  },
  "counts": {
    "catalog_datasets": 80,
    "catalog_freshness_rows": 80,
    "catalog_lineage_edges": 80,
    "email": 134,
    "nl_queries": 1500,
    "slack": 686
  },
  "generated_at": "2023-01-05T21:50:42Z",
  "generator_version": "0.1.0",
  "pack_id": "golden",
  "seed": 424242
}
