[
  {
    "from": "src_finance",
    "to": "stg_finance_000"
  },
  {
    "from": "src_customers",
    "to": "stg_customers_001"
  },
  {
    "from": "src_finance",
    "to": "stg_finance_002"
  },
  {
    "from": "src_marketing",
    "to": "stg_marketing_003"
  },
  {
    "from": "src_customers",
    "to": "stg_customers_004"
  },
  {
    "from": "src_orders",
    "to": "stg_orders_005"
  },
  {
    "from": "src_orders",
    "to": "stg_orders_006"
  },
  {
    "from": "src_products",
    "to": "stg_products_007"
  },
  {
    "from": "src_finance",
    "to": "stg_finance_008"
  },
  {
    "from": "src_orders",
    "to": "stg_orders_009"
  },
  {
    "from": "src_orders",
    "to": "stg_orders_010"
  },
  {
    "from": "src_marketing",
    "to": "stg_marketing_011"
  },
  {
    "from": "src_customers",
    "to": "stg_customers_012"
  },
  {
    "from": "src_products",
    "to": "stg_products_013"
  },
  {
    "from": "src_customers",
    "to": "stg_customers_014"
  },
  {
    "from": "src_products",
    "to": "stg_products_015"
  },
  {
    "from": "src_marketing",
    "to": "stg_marketing_016"
  },
  {
    "from": "src_products",
    "to": "stg_products_017"
  },
  {
    "from": "src_customers",
    "to": "stg_customers_018"
  },
  {
    "from": "src_marketing",
    "to": "stg_marketing_019"
  },
  {
    "from": "src_orders",
    "to": "stg_orders_020"
  },
  {
    "from": "src_customers",
    "to": "stg_customers_021"
  },
  {
    "from": "src_marketing",
    "to": "stg_marketing_022"
  },
  {
    "from": "src_finance",
    "to": "stg_finance_023"
  },
  {
    "from": "src_finance",
    "to": "stg_finance_024"
  },
  {
    "from": "src_finance",
    "to": "stg_finance_025"
  },
  {
    "from": "src_customers",
    "to": "stg_customers_026"
  },
  {
    "from": "src_marketing",
    "to": "stg_marketing_027"
  },
  {
    "from": "src_products",
    "to": "stg_products_028"
  },
  {
    "from": "src_orders",
    "to": "stg_orders_029"
  },
  {
    "from": "src_finance",
    "to": "stg_finance_030"
  },
  {
    "from": "src_finance",
    "to": "stg_finance_031"
  },
  {
    "from": "src_marketing",
    "to": "stg_marketing_032"
  },
  {
    "from": "src_marketing",
    "to": "stg_marketing_033"
  },
  {
    "from": "src_marketing",
    "to": "stg_marketing_034"
  },
  {
    "from": "src_orders",
    "to": "stg_orders_035"
  },
  {
    "from": "src_orders",
    "to": "stg_orders_036"
  },
  {
    "from": "src_customers",
    "to": "stg_customers_037"
  },
  {
    "from": "src_customers",
    "to": "stg_customers_038"
  },
  {
    "from": "src_orders",
    "to": "stg_orders_039"
  },
  {
    "from": "src_products",
    "to": "stg_products_040"
  },
  {
    "from": "src_orders",
    "to": "stg_orders_041"
  },
  {
    "from": "src_orders",
    "to": "stg_orders_042"
  },
  {
    "from": "src_products",
    "to": "stg_products_043"
  },
  {
    "from": "src_products",
    "to": "stg_products_044"
  },
  {
    "from": "src_orders",
    "to": "stg_orders_045"
  },
  {
    "from": "src_marketing",
    "to": "stg_marketing_046"
  },
  {
    "from": "src_finance",
    "to": "stg_finance_047"
  },
  {
    "from": "src_orders",
    "to": "stg_orders_048"
  },
  {
    "from": "src_orders",
    "to": "stg_orders_049"
  },
  {
    "from": "stg_orders_041",
    "to": "mart_orders_000"
  },
  {
    "from": "stg_products_040",
    "to": "mart_products_001"
  },
  {
    "from": "stg_orders_049",
    "to": "mart_orders_002"
  },
  {
    "from": "stg_finance_025",
    "to": "mart_finance_003"
  },
  {
    "from": "stg_products_043",
    "to": "mart_products_004"
  },
  {
    "from": "stg_marketing_016",
    "to": "mart_marketing_005"
  },
  {
    "from": "stg_orders_042",
    "to": "mart_orders_006"
  },
  {
    "from": "stg_marketing_016",
    "to": "mart_marketing_007"
  },
  {
    "from": "stg_orders_045",
    "to": "mart_orders_008"
  },
  {
    "from": "stg_orders_048",
    "to": "mart_orders_009"
  },
  {
    "from": "stg_orders_045",
    "to": "mart_orders_010"
  },
  {
    "from": "stg_orders_042",
    "to": "mart_orders_011"
  },
  {
    "from": "stg_orders_010",
    "to": "mart_orders_012"
  },
  {
    "from": "stg_orders_005",
    "to": "mart_orders_013"
  },
  {
    "from": "stg_customers_037",
    "to": "mart_customers_014"
  },
  {
    "from": "stg_finance_024",
    "to": "mart_finance_015"
  },
  {
    "from": "stg_finance_025",
    "to": "mart_finance_016"
  },
  {
    "from": "stg_products_028",
    "to": "mart_products_017"
  },
  {
    "from": "stg_customers_018",
    "to": "mart_customers_018"
  },
  {
    "from": "stg_products_028",
    "to": "mart_products_019"
  },
  {
    "from": "stg_marketing_034",
    "to": "mart_marketing_020"
  },
  {
    "from": "stg_marketing_003",
    "to": "mart_marketing_021"
  },
  {
    "from": "stg_products_013",
    "to": "mart_products_022"
  },
  {
    "from": "stg_products_044",
    "to": "mart_products_023"
  },
  {
    "from": "stg_finance_030",
    "to": "mart_finance_024"
  },
  {
    "from": "stg_customers_021",
    "to": "mart_customers_025"
  },
  {
    "from": "stg_marketing_022",
    "to": "mart_marketing_026"
  },
  {
    "from": "stg_finance_030",
    "to": "mart_finance_027"
  },
  {
    "from": "stg_finance_025",
    "to": "mart_finance_028"
  },
  {
    "from": "stg_customers_018",
    "to": "mart_customers_029"
  }
]
