{
  "c_0001": {
    "datasets": [],
    "examples": [
      "Join on customer_id",
      "trend of gmv for us_only over today for cohort xyz",
      "daily gross_margin by plan for free_plan in the today",
      "Join on customer_id",
      "trend of churn for paid_plan over last 90 days"
    ],
    "gap_types": [
      "access_denied",
      "grain_or_type_mismatch",
      "missing_dataset_or_column",
      "performance_limit",
      "semantics_unclear"
    ],
    "ids": [
      "s_0002",
      "q_001061",
      "q_000275",
      "s_0416",
      "q_001153",
      "s_0291",
      "s_0538",
      "q_000420",
      "e_0098",
      "s_0232",
      "q_000565",
      "s_0673",
      "e_0081",
      "s_0605",
      "q_000403",
      "s_0395",
      "e_0087",
      "s_0536",
      "s_0669",
      "e_0057",
      "e_0012",
      "e_0026",
      "e_0127",
      "e_0051",
      "e_0052",
      "e_0029",
      "e_0132",
      "e_0071",
      "e_0121",
      "e_0061",
      "e_0101",
      "e_0080",
      "e_0008",
      "e_0021",
      "e_0086",
      "e_0060",
      "e_0009"
    ]
  },
  "c_0002": {
    "datasets": [
      "mart_finance_027"
    ],
    "examples": [
      "Join on customer_id\n```sql\nSELECT refunds, segment FROM mart_finance_027 WHERE dt >= current_date - interval '30 day'\n```"
    ],
    "gap_types": [],
    "ids": [
      "s_0428"
    ]
  },
  "c_0003": {
    "datasets": [],
    "examples": [
      "Can someone pull cpl by industry for last month? \u2014 object does not exist",
      "what is retention by month last last 90 days",
      "daily gross_margin by plan for eu_only in the last month"
    ],
    "gap_types": [
      "freshness_breach",
      "missing_dataset_or_column"
    ],
    "ids": [
      "s_0150",
      "q_001379",
      "q_000842"
    ]
  },
  "c_0004": {
    "datasets": [
      "stg_products_013"
    ],
    "examples": [
      "Join on sku\n```sql\nSELECT gross_margin, category FROM stg_products_013 WHERE dt >= current_date - interval '30 day'\n```"
    ],
    "gap_types": [],
    "ids": [
      "s_0234"
    ]
  },
  "c_0005": {
    "datasets": [],
    "examples": [
      "daily ctr by industry for free_plan in the last quarter for cohort xyz",
      "trend of active_users for us_only over last quarter",
      "daily feature_adoption by week for us_only in the last quarter"
    ],
    "gap_types": [
      "access_denied",
      "missing_dataset_or_column",
      "performance_limit"
    ],
    "ids": [
      "q_001122",
      "q_000360",
      "q_000099"
    ]
  },
  "c_0006": {
    "datasets": [
      "stg_orders_010"
    ],
    "examples": [
      "Missing week\n```sql\nSELECT visits, week FROM stg_orders_010 WHERE dt >= current_date - interval '30 day'\n```"
    ],
    "gap_types": [],
    "ids": [
      "s_0204"
    ]
  },
  "c_0007": {
    "datasets": [],
    "examples": [
      "Can someone pull cpa by region for last week? \u2014 permission denied",
      "what is ctr by week last last month"
    ],
    "gap_types": [
      "freshness_breach"
    ],
    "ids": [
      "s_0364",
      "q_001016"
    ]
  },
  "c_0008": {
    "datasets": [],
    "examples": [
      "daily visits by state for us_only in the today"
    ],
    "gap_types": [
      "missing_dataset_or_column"
    ],
    "ids": [
      "q_001100"
    ]
  },
  "c_0009": {
    "datasets": [],
    "examples": [
      "trend of units for u_[redacted] over last month"
    ],
    "gap_types": [
      "missing_dataset_or_column"
    ],
    "ids": [
      "q_001113"
    ]
  },
  "c_0010": {
    "datasets": [
      "mart_products_023"
    ],
    "examples": [
      "what is activation by state last yesterday for cohort xyz"
    ],
    "gap_types": [],
    "ids": [
      "q_000500"
    ]
  },
  "c_0011": {
    "datasets": [
      "mart_products_023"
    ],
    "examples": [
      "Does mart_products_023 have week?"
    ],
    "gap_types": [],
    "ids": [
      "s_0278"
    ]
  },
  "c_0012": {
    "datasets": [
      "mart_finance_003"
    ],
    "examples": [
      "daily feature_adoption by week for enterprise_only in the last month"
    ],
    "gap_types": [],
    "ids": [
      "q_000622"
    ]
  },
  "c_0013": {
    "datasets": [
      "stg_orders_045"
    ],
    "examples": [
      "trend of customers for free_plan over today"
    ],
    "gap_types": [],
    "ids": [
      "q_000862"
    ]
  },
  "c_0014": {
    "datasets": [],
    "examples": [
      "what is active_users by channel last today"
    ],
    "gap_types": [
      "semantics_unclear"
    ],
    "ids": [
      "q_000759"
    ]
  },
  "c_0015": {
    "datasets": [],
    "examples": [
      "what is orders by device last last quarter"
    ],
    "gap_types": [
      "missing_dataset_or_column"
    ],
    "ids": [
      "q_001428"
    ]
  },
  "c_0016": {
    "datasets": [],
    "examples": [
      "Missing state"
    ],
    "gap_types": [],
    "ids": [
      "s_0423"
    ]
  },
  "c_0017": {
    "datasets": [],
    "examples": [
      "what is dau by channel lastl ast quarter"
    ],
    "gap_types": [
      "missing_dataset_or_column"
    ],
    "ids": [
      "q_001008"
    ]
  },
  "c_0018": {
    "datasets": [
      "mart_orders_013"
    ],
    "examples": [
      "trend of customers for enterprise_only over last week"
    ],
    "gap_types": [],
    "ids": [
      "q_000152"
    ]
  },
  "c_0019": {
    "datasets": [
      "stg_finance_023",
      "stg_orders_048"
    ],
    "examples": [
      "what is orders by state last today"
    ],
    "gap_types": [],
    "ids": [
      "q_000988"
    ]
  },
  "c_0020": {
    "datasets": [],
    "examples": [
      "daily visits by region for eu_only in the today"
    ],
    "gap_types": [
      "grain_or_type_mismatch"
    ],
    "ids": [
      "q_001372"
    ]
  },
  "c_0021": {
    "datasets": [
      "mart_orders_012",
      "stg_customers_014"
    ],
    "examples": [
      "daily customers by industry for enterprise_only in the last quarter"
    ],
    "gap_types": [],
    "ids": [
      "q_001135"
    ]
  },
  "c_0022": {
    "datasets": [],
    "examples": [
      "trend of visits for eu_only over last quarter"
    ],
    "gap_types": [
      "missing_dataset_or_column"
    ],
    "ids": [
      "q_001177"
    ]
  },
  "c_0023": {
    "datasets": [
      "mart_marketing_007"
    ],
    "examples": [
      "Check mart_marketing_007"
    ],
    "gap_types": [],
    "ids": [
      "s_0657"
    ]
  },
  "c_0024": {
    "datasets": [
      "stg_marketing_019"
    ],
    "examples": [
      "Check stg_marketing_019\n```sql\nSELECT count(*) FROM stg_marketing_019 WHERE dt >= current_date - interval '7 day'\n```"
    ],
    "gap_types": [],
    "ids": [
      "s_0072"
    ]
  },
  "c_0025": {
    "datasets": [
      "stg_orders_029"
    ],
    "examples": [
      "Check stg_orders_029"
    ],
    "gap_types": [],
    "ids": [
      "s_0194"
    ]
  },
  "c_0026": {
    "datasets": [
      "stg_products_028"
    ],
    "examples": [
      "Check stg_products_028\n```sql\nSELECT revenue, date FROM stg_products_028 WHERE dt >= current_date - interval '30 day'\n```"
    ],
    "gap_types": [],
    "ids": [
      "s_0402"
    ]
  },
  "c_0027": {
    "datasets": [],
    "examples": [
      "Missing country"
    ],
    "gap_types": [],
    "ids": [
      "s_0643"
    ]
  },
  "c_0028": {
    "datasets": [
      "stg_orders_029"
    ],
    "examples": [
      "Check stg_orders_029\n```sql\nSELECT count(*) FROM stg_orders_029 WHERE dt >= current_date - interval '7 day'\n```"
    ],
    "gap_types": [],
    "ids": [
      "s_0555"
    ]
  },
  "c_0029": {
    "datasets": [
      "mart_orders_008"
    ],
    "examples": [
      "Does mart_orders_008 have channel?"
    ],
    "gap_types": [],
    "ids": [
      "s_0220"
    ]
  },
  "c_0030": {
    "datasets": [
      "stg_orders_041"
    ],
    "examples": [
      "Join on customer_id\n```sql\nSELECT count(*) FROM stg_orders_041 WHERE dt >= current_date - interval '7 day'\n```"
    ],
    "gap_types": [],
    "ids": [
      "s_0181"
    ]
  },
  "c_0031": {
    "datasets": [
      "stg_orders_039"
    ],
    "examples": [
      "Data freshness for stg_orders_039: Access request for the marketing schema, permission denied errors. (timeout)",
      "Data freshness for stg_orders_039: Is the join key customer_id or user_id?",
      "Access to stg_orders_039: Seeing delays on the mart table, is freshness within SLA? (quota exceeded)",
      "Data freshness for stg_orders_039: Access request for the marketing schema, permission denied errors."
    ],
    "gap_types": [],
    "ids": [
      "e_0016",
      "e_0037",
      "e_0059",
      "e_0034"
    ]
  }
}
