{
  "embeddings": {
    "cache_hits": 0,
    "calls": 0,
    "input_tokens": 0
  },
  "responses": {
    "cache_hits": 0,
    "calls": 0,
    "completion_tokens": 0,
    "prompt_tokens": 0
  }
}
