{
  "cli_flags": {
    "focus_gaps": [],
    "limit_llm": 0,
    "llm_budget_tokens": 0,
    "llm_on": false,
    "min_frequency": 3,
    "sample_per_channel": 25,
    "sample_random": false,
    "source": "all"
  },
  "embed_model": "text-embedding-3-small",
  "git_commit": "f3316a5",
  "model": "off",
  "seed": 424242,
  "timestamp_utc": "2025-09-27T19:10:43+00:00",
  "version": "0.2.0"
}
